// Jest Snapshot v1, https://goo.gl/fbAQLP

exports[`Pruebas en <SearchPage /> debe de mostrarse correctamente con valores por defecto 1`] = `
<div>
  <h1>
    Search
  </h1>
  <hr />
  <div
    class="row"
  >
    <div
      class="col-5"
    >
      <h4>
        Searching
      </h4>
      <hr />
      <form>
        <input
          autocomplete="off"
          class="form-control"
          name="searchText"
          placeholder="Search..."
          type="text"
          value="batman"
        />
        <button
          class="btn btn-outline-primary mt-1"
        >
          Search
        </button>
      </form>
    </div>
    <div
      class="col-7"
    >
      <h4>
        Results
      </h4>
      <hr />
      <div
        class="alert alert-primary animate__animated animate__fadeIn"
        style="display: none;"
      >
        Search a hero
      </div>
      <div
        aria-label="alert-danger"
        class="alert alert-danger animate__animated animate__fadeIn"
        style="display: none;"
      >
        No results found hero 
        <p>
          batman
        </p>
      </div>
      <div
        class="col animate__animated animate__fadeIn"
      >
        <div
          class="card"
        >
          <div
            class="row no-gutters"
          >
            <div
              class="col-4"
            >
              <img
                alt="Batman"
                class="card-img"
                src="../assets/heroes/dc-batman.jpg"
              />
            </div>
            <div
              class="col-8"
            >
              <div
                class="card-body"
              >
                <h5
                  class="card-title"
                >
                  Batman
                </h5>
                <p
                  class="card-text"
                >
                  Bruce Wayne
                </p>
                <p
                  class="card-text"
                >
                  <small
                    class="text-muted"
                  >
                    Detective Comics #27
                  </small>
                </p>
                <p
                  class="card-text"
                >
                  DC Comics
                </p>
                <a
                  href="/hero/dc-batman"
                >
                  MaÃÅs...
                </a>
              </div>
            </div>
          </div>
        </div>
      </div>
    </div>
  </div>
</div>
`;
